[0m10:31:17.657673 [debug] [MainThread]: Sending event: {'category': 'dbt', 'action': 'invocation', 'label': 'start', 'context': [<snowplow_tracker.self_describing_json.SelfDescribingJson object at 0x000002F6F27CE3C0>, <snowplow_tracker.self_describing_json.SelfDescribingJson object at 0x000002F6EF4BFB10>, <snowplow_tracker.self_describing_json.SelfDescribingJson object at 0x000002F6F3BA3C50>]}


============================== 10:31:17.663566 | 6d60fd40-ccea-4771-9c56-0a5214f2b1eb ==============================
[0m10:31:17.663566 [info ] [MainThread]: Running with dbt=1.11.12
[0m10:31:17.664289 [debug] [MainThread]: running dbt with arguments {'static_parser': 'True', 'no_print': 'None', 'version_check': 'True', 'warn_error_options': 'WarnErrorOptionsV2(error=[], warn=[], silence=[])', 'target_path': 'None', 'printer_width': '80', 'write_json': 'True', 'introspect': 'True', 'log_cache_events': 'False', 'empty': 'None', 'cache_selected_only': 'False', 'fail_fast': 'False', 'debug': 'False', 'log_format': 'default', 'partial_parse': 'True', 'send_anonymous_usage_stats': 'True', 'quiet': 'False', 'warn_error': 'None', 'profiles_dir': 'C:\\Users\\Zara Louise\\.dbt', 'invocation_command': 'dbt init dbt', 'use_colors': 'True', 'indirect_selection': 'eager', 'use_experimental_parser': 'False', 'log_path': 'logs'}
[0m10:32:06.183706 [debug] [MainThread]: Starter project path: C:\Users\Zara Louise\AppData\Local\Programs\Python\Python313\Lib\site-packages\dbt\include\starter_project
[0m10:32:06.233799 [info ] [MainThread]: 
Your new dbt project "varejinho" was created!

For more information on how to configure the profiles.yml file,
please consult the dbt documentation here:

  https://docs.getdbt.com/docs/configure-your-profile

One more thing:

Need help? Don't hesitate to reach out to us via GitHub issues or on Slack:

  https://community.getdbt.com/

Happy modeling!

[0m10:32:06.234722 [info ] [MainThread]: Setting up your profile.
[0m10:32:12.563590 [debug] [MainThread]: Spark adapter: Setting pyhive.hive logging to ERROR
[0m10:32:12.564724 [debug] [MainThread]: Spark adapter: Setting thrift.transport logging to ERROR
[0m10:32:12.565031 [debug] [MainThread]: Spark adapter: Setting thrift.protocol logging to ERROR
[0m10:40:18.790560 [info ] [MainThread]: Profile varejinho written to C:\Users\Zara Louise\.dbt\profiles.yml using target's profile_template.yml and your supplied values. Run 'dbt debug' to validate the connection.
[0m10:40:18.792901 [debug] [MainThread]: Command `dbt init` succeeded at 10:40:18.792655 after 541.63 seconds
[0m10:40:18.793617 [debug] [MainThread]: Sending event: {'category': 'dbt', 'action': 'invocation', 'label': 'end', 'context': [<snowplow_tracker.self_describing_json.SelfDescribingJson object at 0x000002F6F660F490>, <snowplow_tracker.self_describing_json.SelfDescribingJson object at 0x000002F6F4C0E8D0>, <snowplow_tracker.self_describing_json.SelfDescribingJson object at 0x000002F691609E10>]}
[0m10:40:18.794342 [debug] [MainThread]: Flushing usage events
[0m10:40:19.700615 [debug] [MainThread]: An error was encountered while trying to flush usage events
[0m10:40:33.803785 [debug] [MainThread]: Sending event: {'category': 'dbt', 'action': 'invocation', 'label': 'start', 'context': [<snowplow_tracker.self_describing_json.SelfDescribingJson object at 0x00000136436763C0>, <snowplow_tracker.self_describing_json.SelfDescribingJson object at 0x00000136403FFB10>, <snowplow_tracker.self_describing_json.SelfDescribingJson object at 0x0000013644A43C50>]}


============================== 10:40:33.809002 | 30936f8b-0a93-4907-8fdc-8a7a939370ea ==============================
[0m10:40:33.809002 [info ] [MainThread]: Running with dbt=1.11.12
[0m10:40:33.809762 [debug] [MainThread]: running dbt with arguments {'static_parser': 'True', 'no_print': 'None', 'version_check': 'True', 'warn_error_options': 'WarnErrorOptionsV2(error=[], warn=[], silence=[])', 'target_path': 'None', 'printer_width': '80', 'write_json': 'True', 'introspect': 'True', 'log_cache_events': 'False', 'empty': 'None', 'cache_selected_only': 'False', 'log_format': 'default', 'debug': 'False', 'fail_fast': 'False', 'profiles_dir': 'C:\\Users\\Zara Louise\\.dbt', 'send_anonymous_usage_stats': 'True', 'quiet': 'False', 'warn_error': 'None', 'partial_parse': 'True', 'use_colors': 'True', 'invocation_command': 'dbt debug', 'indirect_selection': 'eager', 'use_experimental_parser': 'False', 'log_path': 'logs'}
[0m10:40:33.853786 [info ] [MainThread]: dbt version: 1.11.12
[0m10:40:33.854357 [info ] [MainThread]: python version: 3.13.12
[0m10:40:33.854920 [info ] [MainThread]: python path: C:\Users\Zara Louise\AppData\Local\Programs\Python\Python313\python.exe
[0m10:40:33.855266 [info ] [MainThread]: os info: Windows-11-10.0.26200-SP0
[0m10:40:35.461851 [debug] [MainThread]: Spark adapter: Setting pyhive.hive logging to ERROR
[0m10:40:35.462282 [debug] [MainThread]: Spark adapter: Setting thrift.transport logging to ERROR
[0m10:40:35.462580 [debug] [MainThread]: Spark adapter: Setting thrift.protocol logging to ERROR
[0m10:40:36.289790 [info ] [MainThread]: Using profiles dir at C:\Users\Zara Louise\.dbt
[0m10:40:36.290421 [info ] [MainThread]: Using profiles.yml file at C:\Users\Zara Louise\.dbt\profiles.yml
[0m10:40:36.290847 [info ] [MainThread]: Using dbt_project.yml file at C:\Users\Zara Louise\varejinho-data-platform\dbt_project.yml
[0m10:40:36.291240 [error] [MainThread]: Encountered an error:
Internal Error
  Profile should not be None if loading profile completed
[0m10:40:36.292241 [debug] [MainThread]: Command `dbt debug` failed at 10:40:36.292116 after 2.79 seconds
[0m10:40:36.292562 [debug] [MainThread]: Sending event: {'category': 'dbt', 'action': 'invocation', 'label': 'end', 'context': [<snowplow_tracker.self_describing_json.SelfDescribingJson object at 0x000001364621A650>, <snowplow_tracker.self_describing_json.SelfDescribingJson object at 0x0000013664165A30>, <snowplow_tracker.self_describing_json.SelfDescribingJson object at 0x0000013664350050>]}
[0m10:40:36.292889 [debug] [MainThread]: Flushing usage events
[0m10:40:36.936355 [debug] [MainThread]: An error was encountered while trying to flush usage events
[0m10:42:22.393157 [debug] [MainThread]: Sending event: {'category': 'dbt', 'action': 'invocation', 'label': 'start', 'context': [<snowplow_tracker.self_describing_json.SelfDescribingJson object at 0x000001BACD9063C0>, <snowplow_tracker.self_describing_json.SelfDescribingJson object at 0x000001BACA5CFB10>, <snowplow_tracker.self_describing_json.SelfDescribingJson object at 0x000001BACFC93C50>]}


============================== 10:42:22.398099 | 47092e65-3b09-4c6d-b6cd-4005982a1fa7 ==============================
[0m10:42:22.398099 [info ] [MainThread]: Running with dbt=1.11.12
[0m10:42:22.398763 [debug] [MainThread]: running dbt with arguments {'static_parser': 'True', 'no_print': 'None', 'version_check': 'True', 'warn_error_options': 'WarnErrorOptionsV2(error=[], warn=[], silence=[])', 'target_path': 'None', 'printer_width': '80', 'write_json': 'True', 'introspect': 'True', 'log_cache_events': 'False', 'empty': 'None', 'cache_selected_only': 'False', 'log_format': 'default', 'debug': 'False', 'fail_fast': 'False', 'profiles_dir': 'C:\\Users\\Zara Louise\\.dbt', 'send_anonymous_usage_stats': 'True', 'quiet': 'False', 'warn_error': 'None', 'partial_parse': 'True', 'invocation_command': 'dbt debug', 'use_colors': 'True', 'indirect_selection': 'eager', 'use_experimental_parser': 'False', 'log_path': 'logs'}
[0m10:42:22.421672 [info ] [MainThread]: dbt version: 1.11.12
[0m10:42:22.422240 [info ] [MainThread]: python version: 3.13.12
[0m10:42:22.422631 [info ] [MainThread]: python path: C:\Users\Zara Louise\AppData\Local\Programs\Python\Python313\python.exe
[0m10:42:22.422992 [info ] [MainThread]: os info: Windows-11-10.0.26200-SP0
[0m10:42:23.895937 [debug] [MainThread]: Spark adapter: Setting pyhive.hive logging to ERROR
[0m10:42:23.896390 [debug] [MainThread]: Spark adapter: Setting thrift.transport logging to ERROR
[0m10:42:23.896675 [debug] [MainThread]: Spark adapter: Setting thrift.protocol logging to ERROR
[0m10:42:24.739500 [info ] [MainThread]: Using profiles dir at C:\Users\Zara Louise\.dbt
[0m10:42:24.740241 [info ] [MainThread]: Using profiles.yml file at C:\Users\Zara Louise\.dbt\profiles.yml
[0m10:42:24.740699 [info ] [MainThread]: Using dbt_project.yml file at C:\Users\Zara Louise\varejinho-data-platform\dbt_project.yml
[0m10:42:24.741127 [error] [MainThread]: Encountered an error:
Internal Error
  Profile should not be None if loading profile completed
[0m10:42:24.741982 [debug] [MainThread]: Command `dbt debug` failed at 10:42:24.741867 after 2.58 seconds
[0m10:42:24.742321 [debug] [MainThread]: Sending event: {'category': 'dbt', 'action': 'invocation', 'label': 'end', 'context': [<snowplow_tracker.self_describing_json.SelfDescribingJson object at 0x000001BAD044E650>, <snowplow_tracker.self_describing_json.SelfDescribingJson object at 0x000001BAEE3B5A30>, <snowplow_tracker.self_describing_json.SelfDescribingJson object at 0x000001BAEE59C050>]}
[0m10:42:24.742735 [debug] [MainThread]: Flushing usage events
[0m10:42:25.409547 [debug] [MainThread]: An error was encountered while trying to flush usage events
[0m16:55:03.501634 [debug] [MainThread]: Sending event: {'category': 'dbt', 'action': 'invocation', 'label': 'start', 'context': [<snowplow_tracker.self_describing_json.SelfDescribingJson object at 0x0000018A3EE063C0>, <snowplow_tracker.self_describing_json.SelfDescribingJson object at 0x0000018A3BAFFB10>, <snowplow_tracker.self_describing_json.SelfDescribingJson object at 0x0000018A41217B10>]}


============================== 16:55:03.524421 | f7dc455b-5b63-480a-bfe9-64d94d7f56f4 ==============================
[0m16:55:03.524421 [info ] [MainThread]: Running with dbt=1.11.12
[0m16:55:03.526499 [debug] [MainThread]: running dbt with arguments {'version_check': 'True', 'no_print': 'None', 'static_parser': 'True', 'target_path': 'None', 'warn_error_options': 'WarnErrorOptionsV2(error=[], warn=[], silence=[])', 'printer_width': '80', 'write_json': 'True', 'introspect': 'True', 'log_cache_events': 'False', 'empty': 'None', 'cache_selected_only': 'False', 'fail_fast': 'False', 'debug': 'False', 'log_format': 'default', 'partial_parse': 'True', 'send_anonymous_usage_stats': 'True', 'quiet': 'False', 'warn_error': 'None', 'profiles_dir': 'C:\\Users\\Zara Louise\\.dbt', 'invocation_command': 'dbt docs generate', 'indirect_selection': 'eager', 'use_colors': 'True', 'use_experimental_parser': 'False', 'log_path': 'logs'}
[0m16:55:03.527481 [error] [MainThread]: Encountered an error:
Runtime Error
  No dbt_project.yml found at expected path C:\Users\Zara Louise\varejinho-data-platform\dbt_project.yml
  Verify that each entry within packages.yml (and their transitive dependencies) contains a file named dbt_project.yml
  
[0m16:55:03.528825 [debug] [MainThread]: Command `dbt docs generate` failed at 16:55:03.528607 after 0.17 seconds
[0m16:55:03.529377 [debug] [MainThread]: Sending event: {'category': 'dbt', 'action': 'invocation', 'label': 'end', 'context': [<snowplow_tracker.self_describing_json.SelfDescribingJson object at 0x0000018A401E75C0>, <snowplow_tracker.self_describing_json.SelfDescribingJson object at 0x0000018A411E60F0>, <snowplow_tracker.self_describing_json.SelfDescribingJson object at 0x0000018A40202470>]}
[0m16:55:03.530017 [debug] [MainThread]: Flushing usage events
[0m16:55:04.262957 [debug] [MainThread]: An error was encountered while trying to flush usage events
